=== task 0: layer_04 / t_200 ===
Loading train activations...
Fitting PCA (n=256) on train...
PCA components: 256 | Ridge alpha: 1.0
Training Ridge...
  [train] azimuth MAE: 11.11 deg | elevation MAE: 6.23 deg
Loading val activations...
  [val] azimuth MAE: 15.32 deg | elevation MAE: 7.81 deg
Loading test activations...
  [test] azimuth MAE: 14.33 deg | elevation MAE: 7.13 deg
Model saved to /net/pr2/projects/plgrid/plggzzsn2026/3d_world_in_diffusion_models/DoesDiffusionLearn3D/probe_exp/pca256_job_2628839/layer_04_t_200_model.pkl
Results saved to /net/pr2/projects/plgrid/plggzzsn2026/3d_world_in_diffusion_models/DoesDiffusionLearn3D/probe_exp/pca256_job_2628839/layer_04_t_200_results.json
=== task 1: layer_04 / t_500 ===
Loading train activations...
Fitting PCA (n=256) on train...
PCA components: 256 | Ridge alpha: 1.0
Training Ridge...
  [train] azimuth MAE: 12.44 deg | elevation MAE: 6.13 deg
Loading val activations...
  [val] azimuth MAE: 16.94 deg | elevation MAE: 7.59 deg
Loading test activations...
  [test] azimuth MAE: 15.20 deg | elevation MAE: 7.02 deg
Model saved to /net/pr2/projects/plgrid/plggzzsn2026/3d_world_in_diffusion_models/DoesDiffusionLearn3D/probe_exp/pca256_job_2628839/layer_04_t_500_model.pkl
Results saved to /net/pr2/projects/plgrid/plggzzsn2026/3d_world_in_diffusion_models/DoesDiffusionLearn3D/probe_exp/pca256_job_2628839/layer_04_t_500_results.json
=== task 2: layer_04 / t_800 ===
Loading train activations...
Fitting PCA (n=256) on train...
PCA components: 256 | Ridge alpha: 1.0
Training Ridge...
  [train] azimuth MAE: 14.27 deg | elevation MAE: 6.18 deg
Loading val activations...
  [val] azimuth MAE: 21.35 deg | elevation MAE: 7.67 deg
Loading test activations...
  [test] azimuth MAE: 19.16 deg | elevation MAE: 6.57 deg
Model saved to /net/pr2/projects/plgrid/plggzzsn2026/3d_world_in_diffusion_models/DoesDiffusionLearn3D/probe_exp/pca256_job_2628839/layer_04_t_800_model.pkl
Results saved to /net/pr2/projects/plgrid/plggzzsn2026/3d_world_in_diffusion_models/DoesDiffusionLearn3D/probe_exp/pca256_job_2628839/layer_04_t_800_results.json
=== task 3: layer_10 / t_200 ===
Loading train activations...
Fitting PCA (n=256) on train...
PCA components: 256 | Ridge alpha: 1.0
Training Ridge...
  [train] azimuth MAE: 10.61 deg | elevation MAE: 6.02 deg
Loading val activations...
  [val] azimuth MAE: 14.80 deg | elevation MAE: 7.47 deg
Loading test activations...
  [test] azimuth MAE: 13.01 deg | elevation MAE: 6.88 deg
Model saved to /net/pr2/projects/plgrid/plggzzsn2026/3d_world_in_diffusion_models/DoesDiffusionLearn3D/probe_exp/pca256_job_2628839/layer_10_t_200_model.pkl
Results saved to /net/pr2/projects/plgrid/plggzzsn2026/3d_world_in_diffusion_models/DoesDiffusionLearn3D/probe_exp/pca256_job_2628839/layer_10_t_200_results.json
=== task 4: layer_10 / t_500 ===
Loading train activations...
Fitting PCA (n=256) on train...
PCA components: 256 | Ridge alpha: 1.0
Training Ridge...
  [train] azimuth MAE: 11.98 deg | elevation MAE: 6.33 deg
Loading val activations...
  [val] azimuth MAE: 17.56 deg | elevation MAE: 8.22 deg
Loading test activations...
  [test] azimuth MAE: 15.27 deg | elevation MAE: 7.98 deg
Model saved to /net/pr2/projects/plgrid/plggzzsn2026/3d_world_in_diffusion_models/DoesDiffusionLearn3D/probe_exp/pca256_job_2628839/layer_10_t_500_model.pkl
Results saved to /net/pr2/projects/plgrid/plggzzsn2026/3d_world_in_diffusion_models/DoesDiffusionLearn3D/probe_exp/pca256_job_2628839/layer_10_t_500_results.json
=== task 5: layer_10 / t_800 ===
Loading train activations...
Fitting PCA (n=256) on train...
PCA components: 256 | Ridge alpha: 1.0
Training Ridge...
  [train] azimuth MAE: 13.28 deg | elevation MAE: 5.15 deg
Loading val activations...
  [val] azimuth MAE: 19.64 deg | elevation MAE: 6.42 deg
Loading test activations...
  [test] azimuth MAE: 14.87 deg | elevation MAE: 6.03 deg
Model saved to /net/pr2/projects/plgrid/plggzzsn2026/3d_world_in_diffusion_models/DoesDiffusionLearn3D/probe_exp/pca256_job_2628839/layer_10_t_800_model.pkl
Results saved to /net/pr2/projects/plgrid/plggzzsn2026/3d_world_in_diffusion_models/DoesDiffusionLearn3D/probe_exp/pca256_job_2628839/layer_10_t_800_results.json
=== task 6: layer_18 / t_200 ===
Loading train activations...
Fitting PCA (n=256) on train...
PCA components: 256 | Ridge alpha: 1.0
Training Ridge...
  [train] azimuth MAE: 11.20 deg | elevation MAE: 5.89 deg
Loading val activations...
  [val] azimuth MAE: 17.05 deg | elevation MAE: 7.10 deg
Loading test activations...
  [test] azimuth MAE: 13.42 deg | elevation MAE: 7.08 deg
Model saved to /net/pr2/projects/plgrid/plggzzsn2026/3d_world_in_diffusion_models/DoesDiffusionLearn3D/probe_exp/pca256_job_2628839/layer_18_t_200_model.pkl
Results saved to /net/pr2/projects/plgrid/plggzzsn2026/3d_world_in_diffusion_models/DoesDiffusionLearn3D/probe_exp/pca256_job_2628839/layer_18_t_200_results.json
=== task 7: layer_18 / t_500 ===
Loading train activations...
Fitting PCA (n=256) on train...
PCA components: 256 | Ridge alpha: 1.0
Training Ridge...
  [train] azimuth MAE: 12.47 deg | elevation MAE: 6.49 deg
Loading val activations...
  [val] azimuth MAE: 16.13 deg | elevation MAE: 8.63 deg
Loading test activations...
  [test] azimuth MAE: 14.67 deg | elevation MAE: 8.03 deg
Model saved to /net/pr2/projects/plgrid/plggzzsn2026/3d_world_in_diffusion_models/DoesDiffusionLearn3D/probe_exp/pca256_job_2628839/layer_18_t_500_model.pkl
Results saved to /net/pr2/projects/plgrid/plggzzsn2026/3d_world_in_diffusion_models/DoesDiffusionLearn3D/probe_exp/pca256_job_2628839/layer_18_t_500_results.json
=== task 8: layer_18 / t_800 ===
Loading train activations...
Fitting PCA (n=256) on train...
PCA components: 256 | Ridge alpha: 1.0
Training Ridge...
  [train] azimuth MAE: 13.91 deg | elevation MAE: 5.61 deg
Loading val activations...
  [val] azimuth MAE: 19.86 deg | elevation MAE: 6.81 deg
Loading test activations...
  [test] azimuth MAE: 18.27 deg | elevation MAE: 6.61 deg
Model saved to /net/pr2/projects/plgrid/plggzzsn2026/3d_world_in_diffusion_models/DoesDiffusionLearn3D/probe_exp/pca256_job_2628839/layer_18_t_800_model.pkl
Results saved to /net/pr2/projects/plgrid/plggzzsn2026/3d_world_in_diffusion_models/DoesDiffusionLearn3D/probe_exp/pca256_job_2628839/layer_18_t_800_results.json
