=== task 0: layer_04 / t_200 ===
Loading train activations...
Fitting PCA (n=1024) on train...
PCA components: 1024 | Ridge alpha: 1.0
Training Ridge...
  [train] azimuth MAE: 6.86 deg | elevation MAE: 3.33 deg
Loading val activations...
  [val] azimuth MAE: 16.19 deg | elevation MAE: 7.32 deg
Loading test activations...
  [test] azimuth MAE: 14.47 deg | elevation MAE: 7.02 deg
Model saved to /net/pr2/projects/plgrid/plggzzsn2026/3d_world_in_diffusion_models/DoesDiffusionLearn3D/probe_exp/pca1024_job_2628888/layer_04_t_200_model.pkl
Results saved to /net/pr2/projects/plgrid/plggzzsn2026/3d_world_in_diffusion_models/DoesDiffusionLearn3D/probe_exp/pca1024_job_2628888/layer_04_t_200_results.json
=== task 1: layer_04 / t_500 ===
Loading train activations...
Fitting PCA (n=1024) on train...
PCA components: 1024 | Ridge alpha: 1.0
Training Ridge...
  [train] azimuth MAE: 7.18 deg | elevation MAE: 3.33 deg
Loading val activations...
  [val] azimuth MAE: 17.63 deg | elevation MAE: 6.98 deg
Loading test activations...
  [test] azimuth MAE: 17.00 deg | elevation MAE: 7.09 deg
Model saved to /net/pr2/projects/plgrid/plggzzsn2026/3d_world_in_diffusion_models/DoesDiffusionLearn3D/probe_exp/pca1024_job_2628888/layer_04_t_500_model.pkl
Results saved to /net/pr2/projects/plgrid/plggzzsn2026/3d_world_in_diffusion_models/DoesDiffusionLearn3D/probe_exp/pca1024_job_2628888/layer_04_t_500_results.json
=== task 2: layer_04 / t_800 ===
Loading train activations...
Fitting PCA (n=1024) on train...
PCA components: 1024 | Ridge alpha: 1.0
Training Ridge...
  [train] azimuth MAE: 8.18 deg | elevation MAE: 3.40 deg
Loading val activations...
  [val] azimuth MAE: 20.80 deg | elevation MAE: 7.19 deg
Loading test activations...
  [test] azimuth MAE: 18.79 deg | elevation MAE: 6.57 deg
Model saved to /net/pr2/projects/plgrid/plggzzsn2026/3d_world_in_diffusion_models/DoesDiffusionLearn3D/probe_exp/pca1024_job_2628888/layer_04_t_800_model.pkl
Results saved to /net/pr2/projects/plgrid/plggzzsn2026/3d_world_in_diffusion_models/DoesDiffusionLearn3D/probe_exp/pca1024_job_2628888/layer_04_t_800_results.json
=== task 3: layer_10 / t_200 ===
Loading train activations...
Fitting PCA (n=1024) on train...
PCA components: 1024 | Ridge alpha: 1.0
Training Ridge...
  [train] azimuth MAE: 6.62 deg | elevation MAE: 3.27 deg
Loading val activations...
  [val] azimuth MAE: 15.06 deg | elevation MAE: 7.14 deg
Loading test activations...
  [test] azimuth MAE: 14.16 deg | elevation MAE: 6.73 deg
Model saved to /net/pr2/projects/plgrid/plggzzsn2026/3d_world_in_diffusion_models/DoesDiffusionLearn3D/probe_exp/pca1024_job_2628888/layer_10_t_200_model.pkl
Results saved to /net/pr2/projects/plgrid/plggzzsn2026/3d_world_in_diffusion_models/DoesDiffusionLearn3D/probe_exp/pca1024_job_2628888/layer_10_t_200_results.json
=== task 4: layer_10 / t_500 ===
Loading train activations...
Fitting PCA (n=1024) on train...
PCA components: 1024 | Ridge alpha: 1.0
Training Ridge...
  [train] azimuth MAE: 7.08 deg | elevation MAE: 3.43 deg
Loading val activations...
  [val] azimuth MAE: 18.33 deg | elevation MAE: 7.34 deg
Loading test activations...
  [test] azimuth MAE: 16.17 deg | elevation MAE: 7.57 deg
Model saved to /net/pr2/projects/plgrid/plggzzsn2026/3d_world_in_diffusion_models/DoesDiffusionLearn3D/probe_exp/pca1024_job_2628888/layer_10_t_500_model.pkl
Results saved to /net/pr2/projects/plgrid/plggzzsn2026/3d_world_in_diffusion_models/DoesDiffusionLearn3D/probe_exp/pca1024_job_2628888/layer_10_t_500_results.json
=== task 5: layer_10 / t_800 ===
Loading train activations...
Fitting PCA (n=1024) on train...
PCA components: 1024 | Ridge alpha: 1.0
Training Ridge...
  [train] azimuth MAE: 7.47 deg | elevation MAE: 3.23 deg
Loading val activations...
  [val] azimuth MAE: 20.20 deg | elevation MAE: 6.44 deg
Loading test activations...
  [test] azimuth MAE: 15.11 deg | elevation MAE: 6.16 deg
Model saved to /net/pr2/projects/plgrid/plggzzsn2026/3d_world_in_diffusion_models/DoesDiffusionLearn3D/probe_exp/pca1024_job_2628888/layer_10_t_800_model.pkl
Results saved to /net/pr2/projects/plgrid/plggzzsn2026/3d_world_in_diffusion_models/DoesDiffusionLearn3D/probe_exp/pca1024_job_2628888/layer_10_t_800_results.json
=== task 6: layer_18 / t_200 ===
Loading train activations...
Fitting PCA (n=1024) on train...
PCA components: 1024 | Ridge alpha: 1.0
Training Ridge...
  [train] azimuth MAE: 6.22 deg | elevation MAE: 3.03 deg
Loading val activations...
  [val] azimuth MAE: 16.10 deg | elevation MAE: 6.53 deg
Loading test activations...
  [test] azimuth MAE: 14.54 deg | elevation MAE: 6.55 deg
Model saved to /net/pr2/projects/plgrid/plggzzsn2026/3d_world_in_diffusion_models/DoesDiffusionLearn3D/probe_exp/pca1024_job_2628888/layer_18_t_200_model.pkl
Results saved to /net/pr2/projects/plgrid/plggzzsn2026/3d_world_in_diffusion_models/DoesDiffusionLearn3D/probe_exp/pca1024_job_2628888/layer_18_t_200_results.json
=== task 7: layer_18 / t_500 ===
Loading train activations...
Fitting PCA (n=1024) on train...
PCA components: 1024 | Ridge alpha: 1.0
Training Ridge...
  [train] azimuth MAE: 7.74 deg | elevation MAE: 3.70 deg
Loading val activations...
  [val] azimuth MAE: 17.92 deg | elevation MAE: 8.02 deg
Loading test activations...
  [test] azimuth MAE: 15.94 deg | elevation MAE: 7.76 deg
Model saved to /net/pr2/projects/plgrid/plggzzsn2026/3d_world_in_diffusion_models/DoesDiffusionLearn3D/probe_exp/pca1024_job_2628888/layer_18_t_500_model.pkl
Results saved to /net/pr2/projects/plgrid/plggzzsn2026/3d_world_in_diffusion_models/DoesDiffusionLearn3D/probe_exp/pca1024_job_2628888/layer_18_t_500_results.json
=== task 8: layer_18 / t_800 ===
Loading train activations...
Fitting PCA (n=1024) on train...
PCA components: 1024 | Ridge alpha: 1.0
Training Ridge...
  [train] azimuth MAE: 8.14 deg | elevation MAE: 3.39 deg
Loading val activations...
  [val] azimuth MAE: 22.57 deg | elevation MAE: 6.86 deg
Loading test activations...
  [test] azimuth MAE: 18.65 deg | elevation MAE: 6.88 deg
Model saved to /net/pr2/projects/plgrid/plggzzsn2026/3d_world_in_diffusion_models/DoesDiffusionLearn3D/probe_exp/pca1024_job_2628888/layer_18_t_800_model.pkl
Results saved to /net/pr2/projects/plgrid/plggzzsn2026/3d_world_in_diffusion_models/DoesDiffusionLearn3D/probe_exp/pca1024_job_2628888/layer_18_t_800_results.json
