=== task 0: layer_04 / t_200 ===
PCA components: 512 | Ridge alpha: 1.0
Loading train activations...
Fitting PCA (n=512) on train...
Training Ridge...
  [train] azimuth MAE: 9.63 deg | elevation MAE: 5.26 deg
Loading val activations...
  [val] azimuth MAE: 16.02 deg | elevation MAE: 7.54 deg
Loading test activations...
  [test] azimuth MAE: 13.26 deg | elevation MAE: 7.00 deg
Model saved to /net/pr2/projects/plgrid/plggzzsn2026/3d_world_in_diffusion_models/DoesDiffusionLearn3D/probe_exp/job_2628666/layer_04_t_200_model.pkl
Results saved to /net/pr2/projects/plgrid/plggzzsn2026/3d_world_in_diffusion_models/DoesDiffusionLearn3D/probe_exp/job_2628666/layer_04_t_200_results.json
=== task 1: layer_04 / t_500 ===
PCA components: 512 | Ridge alpha: 1.0
Loading train activations...
Fitting PCA (n=512) on train...
Training Ridge...
  [train] azimuth MAE: 10.45 deg | elevation MAE: 5.19 deg
Loading val activations...
  [val] azimuth MAE: 18.94 deg | elevation MAE: 7.29 deg
Loading test activations...
  [test] azimuth MAE: 15.02 deg | elevation MAE: 7.15 deg
Model saved to /net/pr2/projects/plgrid/plggzzsn2026/3d_world_in_diffusion_models/DoesDiffusionLearn3D/probe_exp/job_2628666/layer_04_t_500_model.pkl
Results saved to /net/pr2/projects/plgrid/plggzzsn2026/3d_world_in_diffusion_models/DoesDiffusionLearn3D/probe_exp/job_2628666/layer_04_t_500_results.json
=== task 2: layer_04 / t_800 ===
PCA components: 512 | Ridge alpha: 1.0
Loading train activations...
Fitting PCA (n=512) on train...
Training Ridge...
  [train] azimuth MAE: 11.77 deg | elevation MAE: 5.26 deg
Loading val activations...
  [val] azimuth MAE: 22.54 deg | elevation MAE: 7.28 deg
Loading test activations...
  [test] azimuth MAE: 18.06 deg | elevation MAE: 6.42 deg
Model saved to /net/pr2/projects/plgrid/plggzzsn2026/3d_world_in_diffusion_models/DoesDiffusionLearn3D/probe_exp/job_2628666/layer_04_t_800_model.pkl
Results saved to /net/pr2/projects/plgrid/plggzzsn2026/3d_world_in_diffusion_models/DoesDiffusionLearn3D/probe_exp/job_2628666/layer_04_t_800_results.json
=== task 3: layer_10 / t_200 ===
PCA components: 512 | Ridge alpha: 1.0
Loading train activations...
Fitting PCA (n=512) on train...
Training Ridge...
  [train] azimuth MAE: 9.27 deg | elevation MAE: 5.10 deg
Loading val activations...
  [val] azimuth MAE: 15.26 deg | elevation MAE: 7.33 deg
Loading test activations...
  [test] azimuth MAE: 12.73 deg | elevation MAE: 6.92 deg
Model saved to /net/pr2/projects/plgrid/plggzzsn2026/3d_world_in_diffusion_models/DoesDiffusionLearn3D/probe_exp/job_2628666/layer_10_t_200_model.pkl
Results saved to /net/pr2/projects/plgrid/plggzzsn2026/3d_world_in_diffusion_models/DoesDiffusionLearn3D/probe_exp/job_2628666/layer_10_t_200_results.json
=== task 4: layer_10 / t_500 ===
PCA components: 512 | Ridge alpha: 1.0
Loading train activations...
Fitting PCA (n=512) on train...
Training Ridge...
  [train] azimuth MAE: 10.22 deg | elevation MAE: 5.23 deg
Loading val activations...
  [val] azimuth MAE: 17.84 deg | elevation MAE: 7.77 deg
Loading test activations...
  [test] azimuth MAE: 14.95 deg | elevation MAE: 7.64 deg
Model saved to /net/pr2/projects/plgrid/plggzzsn2026/3d_world_in_diffusion_models/DoesDiffusionLearn3D/probe_exp/job_2628666/layer_10_t_500_model.pkl
Results saved to /net/pr2/projects/plgrid/plggzzsn2026/3d_world_in_diffusion_models/DoesDiffusionLearn3D/probe_exp/job_2628666/layer_10_t_500_results.json
=== task 5: layer_10 / t_800 ===
PCA components: 512 | Ridge alpha: 1.0
Loading train activations...
Fitting PCA (n=512) on train...
Training Ridge...
  [train] azimuth MAE: 10.94 deg | elevation MAE: 4.57 deg
Loading val activations...
  [val] azimuth MAE: 19.97 deg | elevation MAE: 6.45 deg
Loading test activations...
  [test] azimuth MAE: 15.36 deg | elevation MAE: 5.81 deg
Model saved to /net/pr2/projects/plgrid/plggzzsn2026/3d_world_in_diffusion_models/DoesDiffusionLearn3D/probe_exp/job_2628666/layer_10_t_800_model.pkl
Results saved to /net/pr2/projects/plgrid/plggzzsn2026/3d_world_in_diffusion_models/DoesDiffusionLearn3D/probe_exp/job_2628666/layer_10_t_800_results.json
=== task 6: layer_18 / t_200 ===
PCA components: 512 | Ridge alpha: 1.0
Loading train activations...
Fitting PCA (n=512) on train...
Training Ridge...
  [train] azimuth MAE: 9.24 deg | elevation MAE: 4.66 deg
Loading val activations...
  [val] azimuth MAE: 16.01 deg | elevation MAE: 6.63 deg
Loading test activations...
  [test] azimuth MAE: 13.85 deg | elevation MAE: 6.63 deg
Model saved to /net/pr2/projects/plgrid/plggzzsn2026/3d_world_in_diffusion_models/DoesDiffusionLearn3D/probe_exp/job_2628666/layer_18_t_200_model.pkl
Results saved to /net/pr2/projects/plgrid/plggzzsn2026/3d_world_in_diffusion_models/DoesDiffusionLearn3D/probe_exp/job_2628666/layer_18_t_200_results.json
=== task 7: layer_18 / t_500 ===
PCA components: 512 | Ridge alpha: 1.0
Loading train activations...
Fitting PCA (n=512) on train...
Training Ridge...
  [train] azimuth MAE: 10.78 deg | elevation MAE: 5.49 deg
Loading val activations...
  [val] azimuth MAE: 17.04 deg | elevation MAE: 8.05 deg
Loading test activations...
  [test] azimuth MAE: 15.23 deg | elevation MAE: 7.77 deg
Model saved to /net/pr2/projects/plgrid/plggzzsn2026/3d_world_in_diffusion_models/DoesDiffusionLearn3D/probe_exp/job_2628666/layer_18_t_500_model.pkl
Results saved to /net/pr2/projects/plgrid/plggzzsn2026/3d_world_in_diffusion_models/DoesDiffusionLearn3D/probe_exp/job_2628666/layer_18_t_500_results.json
=== task 8: layer_18 / t_800 ===
PCA components: 512 | Ridge alpha: 1.0
Loading train activations...
Fitting PCA (n=512) on train...
Training Ridge...
  [train] azimuth MAE: 11.74 deg | elevation MAE: 4.87 deg
Loading val activations...
  [val] azimuth MAE: 20.90 deg | elevation MAE: 6.88 deg
Loading test activations...
  [test] azimuth MAE: 17.81 deg | elevation MAE: 6.59 deg
Model saved to /net/pr2/projects/plgrid/plggzzsn2026/3d_world_in_diffusion_models/DoesDiffusionLearn3D/probe_exp/job_2628666/layer_18_t_800_model.pkl
Results saved to /net/pr2/projects/plgrid/plggzzsn2026/3d_world_in_diffusion_models/DoesDiffusionLearn3D/probe_exp/job_2628666/layer_18_t_800_results.json
